
 Start  Stop   Length Name               Class

 00000H 007FFH 00800H RAM                
 02000H 02007H 00008H PPU_Registers      
 04000H 04017H 00018H Misc_Registers     
 08000H 0FFFFH 08000H BANK0              CODE
 18000H 1FFFFH 08000H BANK1              CODE
 28000H 2FFFFH 08000H BANK2              CODE
 38000H 3FFFFH 08000H BANK3              CODE
 48000H 4FFFFH 08000H BANK4              CODE
 58000H 5FFFFH 08000H BANK5              CODE
 68000H 6FFFFH 08000H BANK6              CODE
 78000H 7FFFFH 08000H BANK7              CODE


  Address         Publics by Value

 0000:0000 Abs   tmp_var_00
 0000:0001 Abs   tmp_var_01
 0000:0002 Abs   tmp_var_02
 0000:0003 Abs   tmp_var_03
 0000:0004 Abs   tmp_var_04
 0000:0005 Abs   tmp_var_05
 0000:0006 Abs   tmp_var_06
 0000:0007 Abs   tmp_var_07
 0000:0008 Abs   tmp_var_08
 0000:0009 Abs   ppu_ctrl1_val
 0000:000A Abs   ppu_ctrl2_val
 0000:000B Abs   FrameCounter
 0000:000C Abs   FrameCounter_Even
 0000:000D Abs   Levels_passed_cnt
 0000:000E Abs   Continues_Player1
 0000:000F Abs   Continues_Player2
 0000:0010 Abs   Level_ID
 0000:0011 Abs   Lives_Player1
 0000:0012 Abs   Lives_Player2
 0000:0013 Abs   JumpTable_ptr_main
 0000:0015 Abs   tmp_var_15
 0000:0016 Abs   tmp_var_16
 0000:0017 Abs   tmp_var_17
 0000:0018 Abs   tmp_var_18
 0000:0019 Abs   tmp_var_19
 0000:001A Abs   tmp_var_1A
 0000:001B Abs   tmp_var_1B
 0000:001C Abs   tmp_var_1C
 0000:001D Abs   tmp_var_1D
 0000:001E Abs   tmp_var_1E
 0000:001F Abs   tmp_var_1F
 0000:0020 Abs   tmp_var_20
 0000:0021 Abs   tmp_var_21
 0000:0022 Abs   tmp_var_22
 0000:0023 Abs   jump_ptr_nmi
 0000:0025 Abs   RandomValue_1
 0000:0026 Abs   RandomValue_2
 0000:0027 Abs   RandomValue_3
 0000:0028 Abs   RandomValue_4
 0000:0029 Abs   InputHold_P1
 0000:002A Abs   InputHold_P2
 0000:002B Abs   InputTap_P1
 0000:002C Abs   InputTap_P2
 0000:002D Abs   previous_bankID
 0000:002E Abs   previous_bankID_NMI
 0000:002F Abs   stackp_save
 0000:0030 Abs   vram_inc_for_maps
 0000:0032 Abs   music_id_and_play_cnt
 0000:0033 Abs   music_speed
 0000:0034 Abs   music_play_upd_flag
 0000:0037 Abs   snd_data_ptr_tmp
 0000:0039 Abs   snd_tmp_var_39
 0000:003A Abs   snd_tmp_var_3A
 0000:003B Abs   snd_tmp_var_3B
 0000:003E Abs   prev_bank_id_m
 0000:003F Abs   wait_after_pcm_cnt
 0000:0040 Abs   nmi_pcm_flags
 0000:0041 Abs   pcm_dat_off
 0000:0042 Abs   pcm_info1
 0000:0043 Abs   pcm_play_var_43
 0000:0044 Abs   pcm_play_var_44
 0000:0045 Abs   jump_ptr_pcm
 0000:0047 Abs   pcm_play_var_47
 0000:0048 Abs   pcm_play_var_48
 0000:0049 Abs   pcm_play_var_49
 0000:004A Abs   pcm_play_var_4A
 0000:004B Abs   pcm_play_var_4B
 0000:004C Abs   pcm_play_var_4C
 0000:004D Abs   pcm_play_var_4D
 0000:004E Abs   pcm_play_var_4E
 0000:004F Abs   pcm_info2
 0000:0050 Abs   pcm_info2_cnt
 0000:0051 Abs   pcm_unknown
 0000:0055 Abs   palette_ram
 0000:0075 Abs   NMI_Areg_saver
 0000:0076 Abs   NMI_Xreg_saver
 0000:0077 Abs   NMI_Yreg_saver
 0000:0078 Abs   Obj_Amindata1_tmp
 0000:0079 Abs   Obj_Amindata2_tmp
 0000:007A Abs   Obj_Amindata3_tmp
 0000:0080 Abs   bank5_yreg_saver
 0000:0081 Abs   global_var_cnt?
 0000:0082 Abs   Object_RamSlotID_tmp
 0000:0083 Abs   Vscroll_value
 0000:0084 Abs   Vscroll_plus_BG_Y
 0000:0085 Abs   new_scroll_vram_H
 0000:0086 Abs   new_scroll_vram_L
 0000:0087 Abs   Camera_X_pos_l
 0000:0088 Abs   Camera_X_pos_H
 0000:0089 Abs   Camera_Y_pos_l
 0000:008A Abs   Camera_Y_pos_H
 0000:008B Abs   tmp_var_8b
 0000:008C Abs   tmp_var_8c
 0000:008D Abs   tmp_var_8d
 0000:008E Abs   tmp_var_8e
 0000:008F Abs   tmp_var_8F
 0000:0090 Abs   tmp_var_90
 0000:0091 Abs   tmp_var_91
 0000:0092 Abs   tmp_var_92
 0000:0093 Abs   Camera_X_old
 0000:0094 Abs   Camera_Y_old
 0000:0095 Abs   upd_gfx_flag2
 0000:0096 Abs   ppu_adr_sbar_H
 0000:0097 Abs   ppu_adr_map_h
 0000:0098 Abs   ppu_adr_map_l
 0000:0099 Abs   tmp_var_99
 0000:009A Abs   tmp_var_9A
 0000:009B Abs   tmp_var_9B
 0000:009C Abs   gfxcopy_vram_ptrh
 0000:009D Abs   gfxcopy_vram_ptrl
 0000:009E Abs   obj_slotIDs_for_spr
 0000:00AD Abs   obj_ZposL_tmp
 0000:00AE Abs   obj_ZposH_tmp
 0000:00AF Abs   Obj_Z_floor_tmp
 0000:00B0 Abs   camera_pos_inf?
 0000:00B1 Abs   Camera_Y_pos_l_2
 0000:00B2 Abs   camera_lock_cnt
 0000:00B3 Abs   bkg_upd_buff_cnt
 0000:00B4 Abs   wait_after_bkg_upd_cnt
 0000:00B5 Abs   level1_some_cnt
 0000:00B6 Abs   upd_tilemaps_flags
 0000:00B7 Abs   LevelCfgAdr_L
 0000:00B8 Abs   LevelCfgAdr_H
 0000:00B9 Abs   global_counter
 0000:00BA Abs   global_flags
 0000:00BB Abs   global_var1
 0000:00BC Abs   global_var2
 0000:00BD Abs   global_var3
 0000:00BE Abs   global_var4
 0000:00BF Abs   global_var5
 0000:00C0 Abs   global_var6
 0000:00C1 Abs   global_var7
 0000:00C2 Abs   check_xz0
 0000:00C3 Abs   lvl_blk_attrib_ptr_l
 0000:00C4 Abs   lvl_blk_attrib_ptr_h
 0000:00C5 Abs   lvl_blk_tiles_ptr_l
 0000:00C6 Abs   lvl_blk_tiles_ptr_h
 0000:00C7 Abs   X_block_lenght
 0000:00C8 Abs   tmp_var_c8
 0000:00C9 Abs   pal_reduce_value
 0000:00CB Abs   pal_vram_upd_off
 0000:00CC Abs   extra_vblank_flags
 0000:00CD Abs   update_p1_p2_gfx
 0000:00CE Abs   timer_cont_scrn_sec
 0000:00CF Abs   timer_cont_scrn_60
 0000:00D0 Abs   update_ui_flag
 0000:00D1 Abs   flag_boss_1
 0000:00D2 Abs   lvl_moving?
 0000:00D3 Abs   camera_speed?
 0000:00D4 Abs   bikes_speed_sub
 0000:00D5 Abs   bikes_speed
 0000:00D6 Abs   bikes_acc_cnt
 0000:00D7 Abs   gfx_buff_off
 0000:00D9 Abs   some_lvl_flag_cnt
 0000:00DA Abs   some_for_Z?
 0000:00DB Abs   some_counter
 0000:00DC Abs   some_sound_flag
 0000:00DD Abs   some_anim_tmp?
 0000:00DE Abs   hit_Z_table_index
 0000:00DF Abs   tmp_var_DF
 0000:00E0 Abs   tmp_var_E0
 0000:00E1 Abs   tmp_var_E1
 0000:00E2 Abs   tmp_var_E2
 0000:00E3 Abs   turbotunnel_X_flag
 0000:00E4 Abs   stop_scroll_flag
 0000:00E5 Abs   Level_CfgAdr_new
 0000:00E6 Abs   Level_CfgAdr_newH
 0000:00E7 Abs   tunnel_unk_p1
 0000:00E8 Abs   tunnel_unk_p2
 0000:00E9 Abs   players_cnt_unk
 0000:00EB Abs   timer_end_music
 0000:00EC Abs   cnt_unk_pl1
 0000:00ED Abs   cnt_unk_pl2
 0000:00EE Abs   inferno_race_create_flg
 0000:00EF Abs   obj_slotID_for_scroll
 0000:00F0 Abs   restart_point_id
 0000:00F1 Abs   karnath_gfx_base
 0000:00F2 Abs   karnath_gfx_base_add
 0000:00F3 Abs   rat_slot_id
 0000:00F4 Abs   game_end_caller_var
 0000:00F5 Abs   bkg_vs_spr_pos_neg
 0000:00F6 Abs   pause_flag
 0000:00F7 Abs   pause_snd_cnt1
 0000:00F8 Abs   pause_snd_cnt2
 0000:00FC Abs   scroll_info_unused
 0000:00FD Abs   load_flag2
 0000:00FE Abs   cont_screen_cnt
 0000:00FF Abs   second_load
 0000:0100 Abs   scroll_tilemap_buff
 0000:0120 Abs   attributes_buff
 0000:0160 Abs   bkg_update_buff
 0000:0170 Abs   bkg_update_buff2
 0000:0178 Abs   bkg_upd_buff2a_adr_h
 0000:017C Abs   bkg_upd_buff2a_adr_l
 0000:017E Abs   bkg_upd_buff2a_adr_l3
 0000:017F Abs   bkg_upd_buff2a_adr_l4
 0000:0180 Abs   bkg_update_buff3
 0000:01A0 Abs   attribs_tmp
 0000:01A9 Abs   status_bar_buff
 0000:01E5 Abs   stack
 0000:0200 Abs   Sprites_Ypos
 0000:0201 Abs   Sprites_Adress
 0000:0202 Abs   Sprites_Attrib
 0000:0203 Abs   Sprites_Xpos
 0000:0204 Abs   sprite2_Ypos
 0000:0205 Abs   sprite2_adress
 0000:0206 Abs   sprite2_attrib
 0000:0207 Abs   sprite2_Xpos
 0000:0215 Abs   sprite6_adress
 0000:0219 Abs   sprite7_adress
 0000:0235 Abs   sprite14_adress
 0000:0238 Abs   sprite15_Ypos
 0000:0239 Abs   sprite15_adress
 0000:023A Abs   sprite15_attrib
 0000:023B Abs   sprite15_Xpos
 0000:0301 Abs   music_active_flag
 0000:0302 Abs   music_ch_wait_cnt?
 0000:0303 Abs   music_track_ptr_l
 0000:0304 Abs   music_track_ptr_h
 0000:0311 Abs   sounds_ids
 0000:0312 Abs   sounds_ids_2
 0000:0313 Abs   sounds_ids_3
 0000:0314 Abs   sounds_ids_4
 0000:031D Abs   sound_id_D
 0000:0321 Abs   sounds_r_4000
 0000:0322 Abs   sounds_r_4001_
 0000:0323 Abs   sounds_r_4002
 0000:0324 Abs   sounds_r_4003
 0000:0331 Abs   sound_reg_4000
 0000:0332 Abs   sound_reg_4001
 0000:0333 Abs   sound_reg_4002
 0000:0334 Abs   sound_reg_4003
 0000:03B0 Abs   snd_some_lastvar
 0000:03B1 Abs   players_obj_unk1
 0000:03B3 Abs   player1_eye_clos
 0000:03B5 Abs   player1_obj_wanted_frame
 0000:03B6 Abs   player2_obj_wanted_frame
 0000:03B7 Abs   players_obj_un5
 0000:03B9 Abs   players_tongue_dir
 0000:03BB Abs   players_obj_un3
 0000:03BD Abs   players_obj_un2
 0000:03BF Abs   players_obj_unk
 0000:03C1 Abs   Objects_TypeID
 0000:03C2 Abs   player2_TypeID
 0000:03D0 Abs   Objects_gfx_frame
 0000:03D1 Abs   player2_gfx_frame
 0000:03DF Abs   Obj_various_cnt
 0000:03ED Abs   Object15_unk_cnt
 0000:03EE Abs   Objects_Xpos_H
 0000:03EF Abs   player2_Xpos_H
 0000:03FC Abs   Object14_Xpos_H
 0000:03FD Abs   Objects_Xpos_L
 0000:03FE Abs   player2_Xpos_L
 0000:03FF Abs   object_3_Xpos_L
 0000:040C Abs   Objects_Ypos_H
 0000:040D Abs   player2_Ypos_H
 0000:041B Abs   Objects_Ypos_L
 0000:041C Abs   player2_Ypos_L
 0000:042A Abs   Objects_Zpos_H
 0000:042B Abs   player2_Zpos_H
 0000:042C Abs   object_3_Zpos_H
 0000:0439 Abs   Objects_Zpos_L
 0000:043A Abs   player2_Zpos_L
 0000:043B Abs   object_3_Zpos_L
 0000:0448 Abs   Objects_X_sub
 0000:0457 Abs   Objects_Y_sub
 0000:0466 Abs   Objects_Z_sub
 0000:0468 Abs   object3_Z_sub
 0000:0475 Abs   Objects_Z_floor
 0000:0476 Abs   player2_Z_floor
 0000:0484 Abs   Objects_X_shadow
 0000:0485 Abs   player2_X_shadow
 0000:0486 Abs   object3_X_shadow
 0000:0493 Abs   Objects_Y_shad
 0000:0494 Abs   player2_Y_shadow
 0000:0495 Abs   object3_Y_shadow
 0000:04A2 Abs   Objects_Flags
 0000:04A3 Abs   player2_flags
 0000:04B1 Abs   Objects_state
 0000:04B2 Abs   player2_state
 0000:04C0 Abs   Objects_Z_speed
 0000:04C1 Abs   player2_Z_speed
 0000:04C2 Abs   object3_Z_speed
 0000:04CF Abs   Objects_Z_spd_sub
 0000:04D1 Abs   player2_Z_spd_sub
 0000:04DE Abs   Objects_cnt2
 0000:04ED Abs   Objects_cnt3
 0000:04FC Abs   Objects_AnimID
 0000:04FD Abs   player2_AnimID
 0000:050B Abs   Objects_Anim_Ptr
 0000:051A Abs   Objects_Life
 0000:051B Abs   player2_Life
 0000:0529 Abs   Objects_Linker_ID
 0000:052A Abs   player2_Linker2_ID
 0000:0538 Abs   Objects_LinkedObj_ID
 0000:0547 Abs   Obj_anims_timer
 0000:0548 Abs   pl2_anims_timer
 0000:0556 Abs   Objects_dir
 0000:0557 Abs   player2_dir
 0000:0565 Abs   Objects_X_speed
 0000:0566 Abs   player2_X_speed
 0000:0567 Abs   object_2_X_speed
 0000:0574 Abs   Objects_death_timer
 0000:0575 Abs   pl2_death_timer
 0000:0583 Abs   objects_some_anim
 0000:0585 Abs   object2_some_anim
 0000:0592 Abs   Objects_TargetID
 0000:0593 Abs   player2_TargetID
 0000:05A1 Abs   Objects_various_flags
 0000:05B0 Abs   players_obj_unk3
 0000:05B2 Abs   player1_endLvL_timer
 0000:05B3 Abs   player2_endLvL_timer
 0000:05B4 Abs   players_obj_unk5
 0000:05B6 Abs   players_obj_unk6
 0000:05B8 Abs   players_obj_unk7
 0000:05B9 Abs   player2_unk_7
 0000:05BA Abs   players_obj_unk8
 0000:05BB Abs   player2_unk_var
 0000:05BC Abs   pl1_or_pl2_xz
 0000:05BD Abs   player1_updown_slide_cnt
 0000:05BF Abs   player1_unused?
 0000:05C1 Abs   player1_razdvalen_flag?
 0000:05C3 Abs   players_shock_timer
 0000:05C5 Abs   players_gas_slot?
 0000:05C7 Abs   players_obj_unk14
 0000:05C8 Abs   player2_obj_unk14
 0000:05C9 Abs   players_slizen_id
 0000:05CB Abs   some_ptr_saver_h
 0000:05CC Abs   some_ptr_saver_l
 0000:05CD Abs   some_dat_saver
 0000:05CE Abs   players_obj_unk16
 0000:05CF Abs   player2_obj_unk16
 0000:05D0 Abs   player1_water_flag
 0000:05D2 Abs   lvl_cam_base_X_l
 0000:05D3 Abs   lvl_cam_base_Y_l
 0000:05D4 Abs   lvl_vram_inc_by_scrl
 0000:05D5 Abs   lvl_cam_base_X_h
 0000:05E2 Abs   obj_scrl_cam_X_l
 0000:05E3 Abs   obj_scrl_cam_Y_l
 0000:05E4 Abs   obj_scrl_vram_inc
 0000:05E5 Abs   obj_scrl_cam_X_h
 0000:05F4 Abs   Score_Player1_100k
 0000:05F5 Abs   Score_Player1_10k
 0000:05F6 Abs   Score_Player1_1k
 0000:05F7 Abs   Score_Player1_100
 0000:05F8 Abs   Score_Player1_10
 0000:05F9 Abs   Score_Player1_1
 0000:05FA Abs   Score_Player2
 0000:0600 Abs   level_ram1
 0000:0640 Abs   level_ram2
 0000:0680 Abs   tmp_buffer
 0000:06C0 Abs   tmp_buffer2
 0000:0700 Abs   gfx_buff_adr_h
 0000:0701 Abs   gfx_buff_adr_l
 0000:0702 Abs   gfx_buff_dat1
 0000:0703 Abs   gfx_buff_dat2
 0000:0782 Abs   ram_gfx_copy_code
 0000:0796 Abs   gfx_copy_adrL
 0000:0797 Abs   gfx_copy_adrH
 0000:2000 Abs   PPU_CTRL_REG1
 0000:2001 Abs   PPU_CTRL_REG2
 0000:2002 Abs   PPU_STATUS
 0000:2003 Abs   PPU_SPR_ADDR
 0000:2004 Abs   PPU_SPR_DATA
 0000:2005 Abs   PPU_SCROLL_REG
 0000:2006 Abs   PPU_ADDRESS
 0000:2007 Abs   PPU_DATA
 0000:4000 Abs   SND_SQUARE1_REG
 0000:4001 Abs   pAPU_Pulse1_Ramp_Control_Reg
 0000:4002 Abs   pAPU_Pulse1_(FT)_Reg
 0000:4003 Abs   pAPU_Pulse1_(CT)_Reg
 0000:4004 Abs   SND_SQUARE2_REG
 0000:4005 Abs   pAPU_Pulse2_Ramp_Control_Reg
 0000:4006 Abs   pAPU_Pulse2_(FT)_Reg
 0000:4007 Abs   pAPU_Pulse2_(CT)_Reg
 0000:4008 Abs   SND_TRIANGLE_REG
 0000:4009 Abs   pAPU_Triangle_Control_Reg2
 0000:400A Abs   pAPU_Triangle_Frequency_Reg1
 0000:400B Abs   pAPU_Triangle_Frequency_Reg2
 0000:400C Abs   SND_NOISE_REG
 0000:400D Abs   Unused
 0000:400E Abs   pAPU_Noise_Frequency_Reg1
 0000:400F Abs   pAPU_Noise_Frequency_Reg2
 0000:4010 Abs   SND_DELTA_REG
 0000:4011 Abs   pAPU_Delta_Modulation_DA_Reg
 0000:4012 Abs   pAPU_Delta_Modulation_Address_Reg
 0000:4013 Abs   pAPU_Delta_Modulation_Data_Length_Reg
 0000:4014 Abs   SPR_DMA
 0000:4015 Abs   SND_MASTERCTRL_REG
 0000:4016 Abs   JOYPAD_PORT1
 0000:4017 Abs   JOYPAD_PORT2
 0000:809A       inferno_race_effect
 0000:80D4       not_h_scrl_upd
 0000:8108       tilemaps_write
 0000:8148       update_continue_chk
 0000:81E0       check_upd_pal_or_map
 0000:81E4       vram_update_palette
 0000:8211       update_some_gfx
 0000:8226       vram_write_32_bytes
 0000:822E       vram_write_30_bytes
 0000:8236       vram_write_28_bytes
 0000:82A9       RESET_0
 0000:82AB       reset_restart_game
 0000:831C       call_game_end
 0000:831F       set_lvl_tmp_0
 0000:8326       set_game_end
 0000:8376       music_for_bank2
 0000:837E       set_level_music
 0000:8380       set_music_by_level_id
 0000:8383       set_music_track
 0000:838C       playing_music_upd
 0000:8394       Level_MusicID
 0000:83A4       level_nextframe
 0000:83F3       pause_snd_dat
 0000:8403       game_level_cycle
 0000:84C7       update_pal_reduce_val
 0000:84E1       jump_to_play_sound
 0000:84E8       pcm_snd_params
 0000:8500       frame_end_wait_nmi_
 0000:8506       snd_type_flg
 0000:8507       snd_param2
 0000:8508       snd_param3
 0000:8509       pcm_info2_tbl
 0000:853A       levels_3_and_6_set_X_scroll
 0000:8566       restart_on_bike_chk
 0000:856A       std_level_restart
 0000:856F       restart_sub_lvl?
 0000:857A       restart_for_karnath
 0000:8588       inferno_race_effect_
 0000:858D       extra_vblank_or_animations
 0000:85B5       vram_update_functions
 0000:85B9       copy_chars_gfx_to_vram
 0000:85CD       set_statusbar_scrolls
 0000:8619       levels_std_music_and_scrolls_upd
 0000:8650       set_new_scrolls
 0000:86AA       music_play_bank3_
 0000:86B9       levels_ex_blank_flag
 0000:86EE       set_nmi_func_ptr
 0000:8705       update_frame_counters
 0000:8710       frame_end_wait_nmi
 0000:8713       wait_for_nmi__
 0000:8716       wait_for_nmi_
 0000:871A       wait_for_nmi
 0000:871F       random_cycle
 0000:8728       change_random_values
 0000:8743       random
 0000:8757       level_backg_scroll
 0000:876B       clear_ram
 0000:87A3       level_camera_moving
 0000:87AA       level_completed
 0000:87C2       objects_functions
 0000:88EB       no_obj_code
 0000:88EC       launch_obj_code
 0000:8961       bike_frames_ids
 0000:896B       samolet_frames
 0000:898B       object_dragon
 0000:8A57       set_on_transport
 0000:8A59       set_on_transport_
 0000:8A94       compare_for_hit_Z?
 0000:8AD9       hit_Z_table
 0000:8AE8       hit_Z_table2
 0000:8AF7       check_hitting
 0000:8AFB       check_hitting_
 0000:8BA2       create_obj_4_
 0000:8C91       anim_picking_enemy
 0000:8CC7       animID_poedanie_muh
 0000:8CF5       anim_picking_obj
 0000:8D01       obj_cmp_and_get_X_dist
 0000:8D39       obj_compare_Y?
 0000:8D4D       object_compare_Z
 0000:8D78       joypads_reading
 0000:8DC1       players_Z?
 0000:8E52       objects_Z?
 0000:8E7A       objects_Z_phys?
 0000:8EE1       obj_add_Z_by_Zspd?
 0000:8EE4       obj_add_Z_by_Zspd?_
 0000:8EEE       objects_add_Z?
 0000:8F44       clear_obj_anims_timer
 0000:8F4A       obj_moving_by_speed_
 0000:8F4C       obj_moving_by_speed
 0000:8F4F       change_obj_coord?_
 0000:904A       spd_table
 0000:913A       object_dmg_hit
 0000:9142       play_sound_62
 0000:9148       play_sound_ch4
 0000:914A       play_sound
 0000:9150       object_level1_boss_noga
 0000:918F       write_anim_fear
 0000:91DF       music_for_noga
 0000:91F2       screen_off
 0000:9200       object_level1_boss_dead
 0000:923E       object_level1_boss_dmg_spr
 0000:9252       object_level1_boss_turrets
 0000:92D6       level1_boss_sub
 0000:92E6       level1_boss_loc
 0000:92FC       object_X_by_camera
 0000:92FD       object_X_by_camera_
 0000:930A       object_level1_boss
 0000:9396       object_level1_boss_bullet
 0000:93FE       drop_and_remove_stick
 0000:940A       drop_stick_
 0000:942B       create_obj_stick
 0000:944E       object_tall_walker
 0000:95CE       create_obj_ravenclaw
 0000:95D0       create_obj_ravenclaw_
 0000:95EB       object_dead_raven
 0000:9636       rnd_swap_flags_dir?
 0000:9643       object_raven_large
 0000:96AE       object_raven
 0000:96E9       obj_set_dir_by_Xlow
 0000:9936       obj_inc_Xspeed_by_4
 0000:99D3       object_invader
 0000:9A9C       object_flying_life_bar
 0000:9B8A       obj_code_ptrs
 0000:9C8A       objects_unk_dat1
 0000:9D09       objects_unk_dat2
 0000:9D87       obj_hit_flags_cfg
 0000:9E06       level_camlock_cnt
 0000:9E12       object_vs_camera_check
 0000:9E99       some_state_upd
 0000:9EA3       write_life_and_state
 0000:9EA6       upd_state_
 0000:9EA8       upd_state
 0000:9EAF       mov_dir_table
 0000:9EBF       speed_limit
 0000:9ED2       level1_on_rope
 0000:9F0E       Level_CanMove_Dir
 0000:9F1C       Level_CarryObjSpeed
 0000:9F2D       ragnarok_canyon_end
 0000:9F7B       player_taken_by_enemy
 0000:9F84       taken_by_flower
 0000:9F89       taken_by_dragon_or_pl
 0000:9F99       level1_on_rope_
 0000:9FD8       object_player
 0000:A01C       levels_flag_unk
 0000:A028       play_sound_89
 0000:A16C       fall_from_surfboard_frame
 0000:A177       frame_fall_from_bike
 0000:A181       fall_from_bike_
 0000:A18A       frames_razdavlen
 0000:A1BB       frame_when_slizen
 0000:A21A       shocked_on_lvl2
 0000:A226       player_shocked
 0000:A24B       take_dmg_on_a_rope
 0000:A252       unused_shocked_on_rope
 0000:A2C5       popal_v_ventilyator
 0000:A49A       udar_s_propellera
 0000:A4DF       stick_hit_from_dragon
 0000:A517       stick_hit_ID
 0000:A546       tol4ok_on_steni
 0000:A54A       udar_girei
 0000:A56C       botinkami_po_pushke
 0000:A57B       udar_po_pushkam_l2
 0000:A585       udar_po_voronam
 0000:A58E       udar_botinkami_s_verevki
 0000:A599       udar_kluvom
 0000:A5A4       hit_id_on_rope
 0000:A5B5       anim_throw_obj
 0000:A5EB       po_robotam
 0000:A610       udar_nogoi
 0000:A644       power_hits
 0000:A64A       power_punch
 0000:A690       write_obj_Hit_ID_
 0000:A712       play_sound_6C
 0000:AB8F       rope_near_wall1
 0000:AB93       rope_near_wall2
 0000:AB97       on_rope_or_propeller
 0000:AC28       surfboard_frames
 0000:AC2C       frames_on_bike
 0000:AC7B       frames_on_dragon
 0000:ACB7       sitting_frame
 0000:ACF7       sliding_frames
 0000:AD88       write_pl_wanted_frame
 0000:ADA4       object_default_frame
 0000:ADC5       level_flags_sit_and_xz
 0000:ADD7       object_delete?
 0000:ADE3       object_WARP
 0000:AE2D       warp_part?
 0000:AE9A       object_level1_boss_ball
 0000:AF4B       object_tall_walker_head
 0000:AFB6       object_hodulya_palka
 0000:B024       test_Z_speed_and_floor?
 0000:B099       wind_hold_frames
 0000:B110       object_rope
 0000:B167       copy_objects_XYZ_and_dir
 0000:B16A       set_obj_dir_and_copy_obj_XYZ
 0000:B16D       copy_objects_XYZ
 0000:B179       copy_objects_XY
 0000:B185       copy_objects_Y
 0000:B192       frames_on_koleso
 0000:B196       frames_koleso
 0000:B19A       flags_koleso
 0000:B1A2       clinger_winger_char_frames
 0000:B230       add_scores_for_bikes
 0000:B2E6       object_bike
 0000:B35B       object_set_palette
 0000:B3F7       object_screen_light
 0000:B458       object_rat_race_palette_fade
 0000:B465       object_infernorace_animation
 0000:B4DF       object_muhi
 0000:B553       create_obj_delete
 0000:B563       some_for_bank3
 0000:B5D1       obj_wall_destroy
 0000:B5F9       object_psyko_Pig_ambush
 0000:B63A       object_fireball
 0000:B69D       object_turbo_tunnel_falling_obstacle
 0000:B6BC       object_checkpoint_part1
 0000:B6D0       object_turbo_tunnel_obstacle_up
 0000:B6D4       object_turbo_tunnel_obstacle
 0000:B761       object_checkpoint_part2
 0000:B778       bikes_check_point_sub
 0000:B7F4       play_sound_56
 0000:B7F6       play_sound_ch1_and_ch2
 0000:B7FD       play_sound_ch2
 0000:B81D       reset_bikes_speed
 0000:B88F       Z_speed_table
 0000:B8D4       stop_bikes_scroll
 0000:B91D       obj_inc_to_X_by_
 0000:B920       obj_increment_to_X
 0000:B92D       object_turbo_tunnel_rat_rocket
 0000:B988       object_turbo_tunnel_fly_obstacle
 0000:B9AE       object_turbo_tunnel_balls
 0000:B9C1       object_saturn_toadtrap
 0000:BB24       object_electro_trap
 0000:BBB4       electro_damage
 0000:BC0A       play_sound_16
 0000:BC12       object_raven_claw
 0000:BC57       create_scores_obj
 0000:BC59       create_scores_obj_
 0000:BC93       objects_power_ups
 0000:BCCF       add_scores
 0000:BD36       scores_table
 0000:BDAE       object_retro_blaster
 0000:BF0E       object_hordhead
 0000:C044       object_inferno_race_electricity
 0000:C0C7       object_mines_rokets_creator
 0000:C1B6       object_level7_fires
 0000:C1E5       compare_with_roket_and_fire_hit
 0000:C21A       object_level7_rockets
 0000:C257       object_rocket_rat2_inferno
 0000:C2F5       shesterenka_sub
 0000:C31D       object_shesterenka
 0000:C3DC       compare_X_vs_player
 0000:C3F0       shesterenka_movement
 0000:C419       object_water_splash
 0000:C4C4       object_robot
 0000:C56A       robot_explosion
 0000:C56D       compare_pos_vs_players
 0000:C5E8       object_utka
 0000:C656       object_electrofish
 0000:C71A       object_hammerfish
 0000:C7AC       start_read_anim_and_clr_Zfloor
 0000:C7B1       start_read_anim__
 0000:C7CF       object_shark
 0000:C819       start_read_anim_
 0000:C88D       object_verevka_s_propellerom
 0000:C8D4       object_terra_tubes_xz
 0000:C972       object_vodovorot
 0000:C9ED       load_PL_1_or_2
 0000:C9F9       object_brevno
 0000:CA61       brevno_dmg
 0000:CA6A       death_effects_on_bikes
 0000:CA7F       bike_death_effects
 0000:CAA4       object_surfcity_watermine
 0000:CB07       big_blag_and_ball_death
 0000:CB74       object_electroball_phase2
 0000:CBE4       object_big_blag
 0000:CC03       big_blag_and_electroball_sub
 0000:CDB6       object_general_slaughter
 0000:CE0C       write_dir_and_anim_fear
 0000:CE74       object_robu_manus
 0000:CF66       obj_set_flags_by_dir
 0000:CF72       obj_set_flags_by_dir_
 0000:CF81       obj_set_flags_by_dir__
 0000:CF90       rash_walk_frames
 0000:CF98       rash_run_frames
 0000:CFA0       rash_with_obj_frames
 0000:CFA4       rash_move_UD_frames
 0000:CFA8       muha_add_life
 0000:CFD0       obj_tongue
 0000:D06A       object_inc_to_Xspeed
 0000:D080       clear_object_vars
 0000:D0A2       object_last_lvl_flying
 0000:D11E       object_palka_v_stene
 0000:D1A6       object_last_lvl_head
 0000:D1DA       object_swellcheeks
 0000:D320       object_last_lvl_end
 0000:D33F       object_angelica_ili_pimpl
 0000:D391       config?_game_end
 0000:D397       continue_game_end_event
 0000:D39C       object_dark_queen
 0000:D50C       clears_between_levels?
 0000:D5A6       level_planA_pic
 0000:D5B7       Level_ID_Table
 0000:D603       level_name_pos
 0000:D611       level_plans_NMI
 0000:D662       electro_ball_sub
 0000:D69F       electroball_set_gfx
 0000:D6BD       object_electroball
 0000:D6E9       Electroball_set_Y_low
 0000:DAA0       screen_off_and_reset
 0000:DAA5       game_end
 0000:DAC0       fill_sprite_buffer
 0000:DAD7       wait_vblank
 0000:DADD       write_obj_Anim_ID
 0000:DAF6       start_read_anim
 0000:DAFD       read_obj_anim
 0000:DB04       continue_read_anim
 0000:DB29       set_object_animation
 0000:DB3A       obj_moves_code_ptr
 0000:DB68       anim_write_X_speed
 0000:DB7F       write_obj_speed
 0000:DB89       write_new_obj_dir
 0000:DB8F       anim_write_obj_dir
 0000:DB94       swap_obj_dir
 0000:DB9C       direction_set_by_Xlow
 0000:DBA4       add_obj_x_speed
 0000:DBB0       swap_obj_dir_
 0000:DBB8       make_tongue
 0000:DBEF       anim_write_Z_speed_and_clear_unk1
 0000:DC0A       set_obj_x_speed_by_shadow
 0000:DC20       anim_make_hit
 0000:DC45       anim_damage_by_table
 0000:DD22       create_obj_4_or_C
 0000:DD27       create_weapon
 0000:DD78       create_obj_4
 0000:DD87       create_obj_C
 0000:DD99       dmg_hit_X
 0000:DD9A       dmg_hit_YZ
 0000:DDC4       delete_stick
 0000:DE3D       anim_damage_linked
 0000:DE47       damage_linked_object
 0000:DEC3       unlink_objects
 0000:DECC       anim_set_flag_4
 0000:DED7       anim_create_obj_C_frame_38
 0000:DEDE       anim_create_obj_C_frame_37
 0000:DF02       anim_create_obj_32
 0000:DF0A       anim_write_in_someflag
 0000:DF12       anim_play_sound
 0000:DF24       anim_add_Z?
 0000:DF37       anim_create_obj_32_
 0000:DF6D       make_weapon
 0000:DFE6       clear_state_80
 0000:DFEF       set_z_speed
 0000:DFFF       gen_damage_effects
 0000:E001       gen_damage_effects_
 0000:E0A0       write_new_obj_life
 0000:E0CF       dmg_Xspeed
 0000:E0D0       dmg_Zspeed
 0000:E0D1       dmg_Xspeed_and_pos
 0000:E0D2       dmg_levels
 0000:E0D3       dmg_anims_timer
 0000:E206       object_Psyko_Pig
 0000:E2A4       create_Psyko_Pig
 0000:E2D5       obj_counter_inc_by_speed
 0000:E2D8       obj_unjk_cnt_add
 0000:E2DA       obj_unjk_cnt_add_
 0000:E2DC       obj_unjk_cnt_add__
 0000:E2E9       set_target_random
 0000:E4AD       levels_physics_bank5
 0000:E4B4       game_start_entry
 0000:E4C6       game_start_nmi
 0000:E543       Clear_Scrolls_ScreenON_UpdMusic
 0000:E54D       write_VScrlReg_ScreenON_UpdMusic
 0000:E555       jump_to_music_play
 0000:E5E7       set_players_lifes
 0000:E626       snd_pl_appear
 0000:E628       snd_ch_pl_appear
 0000:E62A       sounds_stop
 0000:E71F       continue_screen
 0000:E75C       nmi_func_cont_screen2
 0000:E7B2       update_pal_to_vram
 0000:E7B8       prujina_Z_spd
 0000:E7DD       object_prujina
 0000:E872       object_level4_platform_mov_down
 0000:E8C2       object_level4_moving_platform
 0000:E909       add_1_to_obj_X
 0000:E90B       add_to_obj_X_with_dir
 0000:E90E       add_to_obj_X
 0000:E94F       object_platform_last_level
 0000:EAFD       object_rotating_spike
 0000:EB49       rat_sub
 0000:EC16       object_dead_robo_manus_ili_begushaya_krisa
 0000:EC91       rat_frame_ids
 0000:EC95       object_giblet
 0000:EDBD       object_inferno_race_create
 0000:EDFE       object_turbo_tunnel_warning_sprite
 0000:EE1E       get_object_Y_on_screen
 0000:EE2B       object_elevator_platform
 0000:EEA0       damage_shock
 0000:EEC7       object_snake
 0000:EECB       object_snake_animation
 0000:EED2       object_snake_hide_head
 0000:EEDE       object_snake_pit_hole?
 0000:EEE3       warp_sub
 0000:EF45       object_sentry_drone
 0000:EF7B       object_slizen
 0000:F042       object_gas_turret
 0000:F07C       object_gas
 0000:F0E9       object_ventilyator
 0000:F22B       moved_by_wind
 0000:F350       object_veter2?
 0000:F354       object_veter
 0000:F406       object_ball_laucnh_hole
 0000:F442       object_ball
 0000:F493       ball_frames_id
 0000:F4CB       obj_ratbomb_sub?
 0000:F4E3       object_ratrace_bomb
 0000:F560       create_obj_screen_light
 0000:F5DD       lvl_explode_posXl
 0000:F5DE       lvl_explode_posZh
 0000:F5DF       lvl_explode_posZl
 0000:F5F8       call_game_end_2
 0000:F60B       object_retro_blaster_shoot
 0000:F651       object_snowman
 0000:F739       check_collision_Z_index_2
 0000:F73B       check_collision_Z_index
 0000:F745       obj_swap_2_dirs
 0000:F789       obj_upd_some_flags
 0000:F794       object_ice_cube
 0000:F833       obj_hitting_index_A
 0000:FA27       play_sound_87
 0000:FA31       object_sosulka
 0000:FA94       create_object_4
 0000:FAAD       snowball_speed
 0000:FAE1       object_snowball
 0000:FBD2       electro_or_snow_gfx
 0000:FBEE       write_gfx_frame_
 0000:FBF9       damage_from_tbl_heavy
 0000:FC03       damage_from_table
 0000:FC17       object_snow
 0000:FC1D       object_level4_sosulka_kamennaya
 0000:FC36       object_level4_wall_moving
 0000:FC5A       object_leve4_wall
 0000:FCFB       player_razdavlen
 0000:FD2C       object_large_snowball
 0000:FD8F       object_level4_spike_moving
 0000:FD9E       object_multiple_del?
 0000:FDB2       object_levels_checkpoint
 0000:FE03       object_restore_point
 0000:FE11       delete_object_except_checkp_and_DQ
 0000:FE42       copy_xyz_from_rest_point
 0000:FE51       level_cfg_read
 0000:FE58       get_free_obj_slot_IDX
 0000:FE5A       search_obj_slot
 0000:FE66       get_obj_slot_type_by_ID
 0000:FE6D       search_object_6b
 0000:FE74       IRQ0
 0000:FE75       NMI_
 0000:FE93       lagged_frame
 0000:FEB3       not_a_level
 0000:FEDA       volkmire_inferno_scrolls
 0000:FF18       revolution_anim_write_to_vram
 0000:FF65       set_second_nametable
 0000:FF6A       wait_by_X
 0000:FF6E       read_anims_dat
 0000:FF78       karnath_lair_bank3_f
 0000:FF84       music_play_bank3
 0000:FF98       NMI0
 0000:FFA6       return_from_nmi
 0000:FFB3       banks_ids0
 0000:FFCB       jump_from_bank0
 0000:FFCD       jump_from_bank0_
 0000:FFEB       wait0
 0000:FFF2       RESET0
 1000:801B       write_to_ppu_from_stack
 1000:80A2       unpack_tiles_bank1
 1000:80CC       unpack_gfx_parts_loop
 1000:80F5       set_vram_adr
 1000:810E       unpack_type1
 1000:811C       unpack_end
 1000:8121       unpack_t1_ptrs
 1000:8129       unpack_type4
 1000:816B       unpack_type4_loop
 1000:81A8       write_16unpacked
 1000:81B4       write_8unpacked_and_8zeros
 1000:81C5       write_8_zeros_and_u_8unpacked
 1000:81D6       write_16zeros
 1000:8201       write_to_ppu
 1000:8217       write_zeros_to_ppu
 1000:8220       archives_sets_ptrs
 1000:827F       level_end_gfx
 1000:8294       level1_gfx_set
 1000:82B7       level2_gfx_set
 1000:82CA       turbo_tunnel_gfx_set
 1000:82D9       level4_gfx_set
 1000:82F0       l1_boss_gfx_set1
 1000:82FB       l1_boss_gfx_set2
 1000:8302       level_plan_gfx_set
 1000:8325       rat_race_gfx_set
 1000:8340       snake_pit_gfxs
 1000:8362       surf_city_gfx_set
 1000:8389       base_gfx_set_spr
 1000:8397       volkmire_inf_gfx_set
 1000:83A5       large_planet_gfx_set
 1000:83AC       base_gfx_set_bkg
 1000:83BF       level_end_gfx_set
 1000:853E       plan_spr_posY
 1000:853F       plan_spr_posX
 1000:855A       vram_adr_h
 1000:855B       vram_adr_l
 1000:8568       planA_spr_blink
 1000:85B2       level1_lift_gfx
 1000:85D2       ropes
 1000:8619       waterfall_tiles
 1000:8719       waterfall_animation
 1000:8EF9       inferno_race_start_anim
 1000:8FE9       anim_tiles
 1000:9589       volkmire_inf_bkg_gfx
 1000:9E35       large_planet_gfx
 1000:B0AD       sprite0_gfx
 1000:B0BD       std_gfx
 1000:B14D       level1_obj_gfx
 1000:B903       l1_and_surfcity_gfx
 1000:BB14       tall_walker_gfx
 1000:BBAD       stick_parts_gfx
 1000:BBDF       some_common_obj
 1000:C125       terra_tubes_obj_gfx
 1000:C6A6       surf_city_obj_gfx
 1000:CC42       karnath_lair_obj_gfx
 1000:D09E       revolution_obj_gfx
 1000:D99A       TurboTunnel_Obj_gfx
 1000:E2E9       rat_race_obj_gfx
 1000:EBA7       level2_obj_gfx
 1000:F4A6       snowman_gfx
 1000:F74F       level4_obj_gfx
 1000:FCE5       level4_obj_gfx2
 1000:FEB5       level1_boss_gfx2
 1000:FF66       bank1_end
 1000:FF98       NMI1
 1000:FFB3       banks_ids1
 1000:FFCB       jump_from_bank1
 1000:FFEB       wait1
 2000:8024       pal_sbc_values
 2000:8030       rash_gfx_1
 2000:8120       rash_gfx_2
 2000:81E0       rash_gfx_3
 2000:82C0       rash_gfx_4
 2000:8390       rash_gfx_5
 2000:8450       rash_gfx_6
 2000:8510       rash_gfx_7
 2000:85D0       rash_gfx_8
 2000:86C0       rash_gfx_9
 2000:87B0       rash_gfx_10
 2000:8880       rash_gfx_11
 2000:8920       rash_gfx_12
 2000:8A10       rash_gfx_13
 2000:8AE0       rash_gfx_14
 2000:8BC0       rash_gfx_15
 2000:8C90       rash_gfx_16
 2000:8D80       rash_gfx_17
 2000:8E50       rash_gfx_18
 2000:8F20       rash_gfx_19
 2000:8FE0       rash_gfx_20
 2000:90C0       rash_gfx_21
 2000:91B0       rash_gfx_22
 2000:9290       rash_gfx_23
 2000:9390       rash_gfx_24
 2000:9450       rash_gfx_25
 2000:9550       rash_gfx_26
 2000:9620       rash_gfx_27
 2000:9720       rash_gfx_28
 2000:9820       rash_gfx_29
 2000:9900       rash_gfx_30
 2000:99F0       rash_gfx_31
 2000:9AC0       rash_gfx_32
 2000:9BB0       rash_gfx_33
 2000:9C90       rash_gfx_34
 2000:9D90       rash_gfx_35
 2000:9E80       rash_gfx_36
 2000:9F50       rash_gfx_37
 2000:A000       rash_gfx_38
 2000:A0F0       rash_gfx_39
 2000:A1C0       rash_gfx_40
 2000:A2B0       rash_gfx_41
 2000:A380       rash_gfx_42
 2000:A480       rash_gfx_43
 2000:A580       rash_gfx_44
 2000:A650       rash_gfx_45
 2000:A720       rash_gfx_46
 2000:A820       rash_gfx_47
 2000:A900       rash_gfx_48
 2000:AA00       rash_gfx_49
 2000:AAB0       rash_gfx_50
 2000:ABA0       rash_gfx_51
 2000:AC80       rash_gfx_52
 2000:AD60       rash_gfx_53
 2000:ADD0       rash_gfx_54
 2000:AE50       rash_gfx_55
 2000:AEE0       rash_gfx_56
 2000:AF90       rash_gfx_57
 2000:B020       rash_gfx_58
 2000:B110       rash_gfx_59
 2000:B1D0       rash_gfx_60
 2000:B2A0       rash_gfx_61
 2000:B390       rash_gfx_62
 2000:B460       rash_gfx_63
 2000:B560       rash_gfx_64
 2000:B660       rash_gfx_65
 2000:B760       rash_gfx_66
 2000:B880       rash_gfx_67
 2000:B980       rash_gfx_68
 2000:BA70       rash_gfx_69
 2000:BB70       rash_gfx_70
 2000:BC70       rash_gfx_71
 2000:BD50       rash_gfx_72
 2000:BDD0       rash_gfx_73
 2000:BE20       rash_gfx_74
 2000:BF10       rash_gfx_75
 2000:BFD0       rash_gfx_76
 2000:C080       rash_gfx_77
 2000:C160       rash_gfx_78
 2000:C1C0       rash_gfx_79
 2000:C220       rash_gfx_80
 2000:C2C0       rash_gfx_81
 2000:C3C0       rash_gfx_82
 2000:C4B0       rash_gfx_83
 2000:C580       rash_gfx_84
 2000:C680       rash_gfx_85
 2000:C730       rash_gfx_86
 2000:C7E0       rash_gfx_87
 2000:C8A0       shadow_tbl?
 2000:C958       revolution_unkf
 2000:C9A2       wookie_hole_ropes_gfx
 2000:CA0E       unpack_tiles_bank2
 2000:CADA       archives_ptrs_bank2
 2000:CB1C       angelika_gfx
 2000:CC02       pimple_gfx
 2000:CD45       big_tornado_gfx
 2000:CDC6       toads_zastavki_gfx
 2000:D4CE       bosses_zastavki_gfx
 2000:E19A       small_spaceship_gfx
 2000:E2F5       dark_queen_face_gfx
 2000:EC5B       dark_queen_face2_gfx
 2000:ECAD       jump_from_bank2_
 2000:ECB7       play_sound_for_bank2?
 2000:EE55       set_some_ptr_by_life
 2000:F23F       level_moving
 2000:F2D6       surfcity_spd_by_cam
 2000:F525       bikes_camera_move
 2000:F5C6       level_flags_xz2
 2000:F7CD       Camera_Y_update
 2000:F891       palettes
 2000:F9F1       some_ptrs_h
 2000:F9F9       some_ptrs_l
 2000:FA01       revolution_anim_prepare
 2000:FB19       electro_shafts_anims
 2000:FC72       some_levels_anims
 2000:FDD0       some_levels_anims_
 2000:FDD3       electro_shafts_anims_
 2000:FDD6       gfx_animations_prepare
 2000:FE08       update_players_chars_gfx
 2000:FE22       write_obj_wanted_frame
 2000:FE30       set_gfxanim_ptr
 2000:FE53       gfx_ptrs
 2000:FF23       some_levels_init_part?
 2000:FF68       read_from_vram
 2000:FF78       bank2_end
 2000:FF98       NMI2
 2000:FFB3       banks_ids2
 2000:FFCB       jump_from_bank2
 2000:FFEB       wait2
 3000:8054       karnath_lair_vram_updates
 3000:852F       start_play_pcm
 3000:853B       other_play_pcm
 3000:855A       pcm_dat_by_flag
 3000:855E       set_pcm_ptr
 3000:856A       play_pcm
 3000:8581       sample1_dat1
 3000:8582       sample1_dat2
 3000:863D       sample2_dat1
 3000:863E       sample2_dat2
 3000:863F       sample2_dat3
 3000:865F       sample_dat
 3000:86A5       return_to_bank0
 3000:86AC       pcm_play_m2
 3000:86D1       pcm_play_m2_loop
 3000:873D       end_play_pcm_loop
 3000:8740       pcm_play_m1
 3000:87A3       pcm_play_m3
 3000:87FA       random3
 3000:880E       start_play_music
 3000:8865       playing_music
 3000:888A       music_playing_sub
 3000:88CF       read_track_loop1
 3000:88D1       read_track_loop2
 3000:88D2       read_track_loop3
 3000:8A5F       no_snd_clr?
 3000:8A7B       set_play_sound_ch1
 3000:8A7F       set_play_sound_ch2
 3000:8A83       set_play_sound_ch3
 3000:8A87       set_play_sound_ch4
 3000:8AA4       sound_get_ptr
 3000:8AD7       sound_playing
 3000:8E20       noteTable
 3000:8E9A       sounds_ptrs
 3000:8F44       sound00
 3000:8F48       sound01
 3000:8F54       sound02
 3000:8F5E       sound03
 3000:8F64       sound04
 3000:8F6A       sound05
 3000:8F8D       sound06
 3000:8F93       sound07
 3000:8FAE       sound08
 3000:8FB4       sound09
 3000:8FD6       sound0A
 3000:901E       sound0B
 3000:902C       sound0C
 3000:90BA       sound0D
 3000:90C0       sound17
 3000:90C6       sound0E
 3000:911A       sound0F
 3000:9122       sound10
 3000:912F       sound11
 3000:9145       sound12
 3000:9153       sound13
 3000:9161       sound14
 3000:9167       sound15
 3000:9179       sound16
 3000:9185       sound18
 3000:9193       sound19
 3000:91A1       sound1A
 3000:91A9       sound1B
 3000:91BD       sound1C
 3000:91FD       sound1D
 3000:9207       sound1E
 3000:9213       sound1F
 3000:921F       sound20
 3000:924B       sound21
 3000:9279       sound22
 3000:928F       sound23
 3000:92A7       sound24
 3000:92BF       sound25
 3000:92CB       sound26
 3000:92D5       sound27
 3000:92DB       sound28
 3000:92E1       sound29
 3000:92E7       sound2A
 3000:92F9       sound2B
 3000:9301       sound2C
 3000:9329       sound2D
 3000:932F       stick_snd
 3000:9589       sound54
 3000:959E       music_info_tbl
 3000:95B3       music_dat_ptrs
 3000:965B       track14_ch1
 3000:965D       track14_ch1_loop
 3000:97BF       track14_ch2
 3000:983B       track14_ch3
 3000:9841       track14_ch3_loop
 3000:98B2       track14_ch4
 3000:98ED       track15_ch1
 3000:994E       track15_ch2
 3000:999F       track15_ch3
 3000:99AC       track15_ch3_loop
 3000:99C3       track15_ch4
 3000:99C9       track15_ch4_loop
 3000:99D9       track17_ch1
 3000:99F9       track17_ch1_loop
 3000:9AAB       track17_ch2
 3000:9ACB       track17_ch2_loop
 3000:9B90       track17_ch3
 3000:9BA0       track17_ch3_loop
 3000:9C16       track17_ch4
 3000:9C20       track17_ch4_loop
 3000:9C8A       track20_ch1
 3000:9CB2       track20_ch2
 3000:9CDA       track20_ch3
 3000:9D13       track20_ch4
 3000:9D93       track19_ch1
 3000:9DAC       track19_ch1_loop
 3000:9E0C       track19_ch2
 3000:9E29       track19_ch2_loop
 3000:9E8C       track19_ch3
 3000:9E99       track19_ch3_loop
 3000:9EBC       track19_ch4
 3000:9EC6       track19_ch4_loop
 3000:9F03       track11_ch1
 3000:9F34       track11_ch1_loop
 3000:9F6E       track11_ch2
 3000:9FA1       track11_ch2_loop
 3000:9FDB       track11_ch3
 3000:9FF6       track11_ch3_loop
 3000:A026       track11_ch4
 3000:A043       track11_ch4_loop
 3000:A068       track1_ch1
 3000:A073       track1_ch1_loop
 3000:A0B6       track1_ch2
 3000:A0C1       track1_ch2_loop
 3000:A104       track1_ch3
 3000:A111       track1_ch3_loop
 3000:A132       track1_ch4
 3000:A13E       track1_ch4_loop
 3000:A15E       track4_ch1
 3000:A165       track4_ch1_loop
 3000:A2CF       track4_ch2
 3000:A2D6       track4_ch2_loop
 3000:A364       track4_ch3
 3000:A36F       track4_ch3_loop
 3000:A408       track4_ch4
 3000:A466       track2_ch1_loop
 3000:A47E       track2_ch1
 3000:A489       track5_ch1
 3000:A48D       track5_ch1_loop
 3000:A675       track2_ch2
 3000:A680       track2_ch2_loop
 3000:A696       track5_ch2
 3000:A69A       track5_ch2_loop
 3000:A865       track2_ch3
 3000:A870       track5_ch3
 3000:A874       track5_ch3_loop
 3000:A93B       track2_ch4
 3000:A948       track5_ch4
 3000:A94C       track5_ch4_loop
 3000:A9C8       track10_ch1
 3000:A9DA       track10_ch1_loop
 3000:AA1D       track10_ch2
 3000:AA3A       track10_ch2_loop
 3000:AA75       track10_ch3
 3000:AA88       track10_ch3_loop
 3000:AAAF       track10_ch4
 3000:AAC3       track10_ch4_loop
 3000:AAD0       track3_ch1
 3000:AC94       track3_ch2
 3000:AC96       track3_ch2_loop
 3000:AD8C       track3_ch3
 3000:AE6C       track3_ch4
 3000:AE6E       track3_ch4_loop
 3000:AEC8       track6_ch1
 3000:B04B       track6_ch2
 3000:B167       track6_ch3
 3000:B199       track6_ch3_loop
 3000:B248       track6_ch4
 3000:B27A       track6_ch4_loop
 3000:B2C4       track7_ch1
 3000:B3D8       track7_ch2
 3000:B3DA       track7_ch2_loop
 3000:B48B       track7_ch3
 3000:B492       track7_ch3_loop
 3000:B507       track7_ch4
 3000:B509       track7_ch4_loop
 3000:B568       track8_ch1
 3000:B587       track8_ch1_loop
 3000:B66C       track8_ch2
 3000:B689       track8_ch2_loop
 3000:B76B       track8_ch3
 3000:B77C       track8_ch3_loop
 3000:B806       track8_ch4
 3000:B816       track8_ch4_loop
 3000:B863       track18_ch1
 3000:B870       track18_ch2
 3000:B8B0       track18_ch3
 3000:B8D1       track18_ch4
 3000:B8E3       track12_ch1
 3000:B8E5       track12_ch1_loop
 3000:BA5A       track12_ch2
 3000:BBCC       track12_ch3
 3000:BBCE       track12_ch3_loop
 3000:BCD4       track12_ch4
 3000:BD6B       track9_ch1
 3000:BD6D       track9_ch1_loop
 3000:BEC7       track9_ch2
 3000:BF6A       track9_ch3
 3000:BF6C       track9_ch3_loop
 3000:C05D       track9_ch4
 3000:C123       track13_ch1
 3000:C125       track13_ch1_loop
 3000:C342       track13_ch2
 3000:C540       track13_ch3
 3000:C542       track13_ch3_loop
 3000:C63F       track13_ch4
 3000:C704       no_track
 3000:C705       track16_ch1
 3000:C89D       track16_ch2
 3000:C9A5       track16_ch3
 3000:CAC0       track16_ch4
 3000:CF28       restart_non_pl_obj_work
 3000:CF2A       restart_objects_work
 3000:CF63       restart_on_bikes
 3000:D022       restart_on_checkpoint
 3000:D0B1       levels_respawn_X
 3000:D0E7       levels_respawn_Y
 3000:D11D       playe_on_bikes_init_vars
 3000:D137       level_backgn_Y_pos
 3000:D144       background_vs_sprites_pos
 3000:D173       update_info_scores_lifes
 3000:D177       update_info_scores_lifes_check
 3000:D1FC       get_slot_with_obj_42
 3000:D20A       copy_player_coord
 3000:D22F       player_life_for_ui
 3000:D235       load_lvl_obj_config
 3000:D247       level_cfg_ptrl
 3000:D255       level_cfg_ptrh
 3000:D27F       levels_sub_ptr
 3000:D2B7       lvl_sub_ptl
 3000:D2BB       lvl_sub_pth
 3000:D2BF       stop_read_cfg
 3000:D2C0       level_config_reading
 3000:D340       read_lvl_obj_cfg
 3000:D392       level9_cfg
 3000:D3B3       level9_checkp1
 3000:D437       level9_checkp2
 3000:D560       level9_checkp3
 3000:D63D       level_unk_obj1
 3000:D648       level_unk_obj2
 3000:D653       level_unk_obj3
 3000:D65E       level_unk_obj4
 3000:D669       level8_cfg
 3000:D67F       level8_checkp1
 3000:D68A       level8_checkp2
 3000:D6D2       level8_checkp3
 3000:D6E8       level8_checkp4
 3000:D775       level8_checkp5
 3000:D780       level8_checkp6
 3000:D824       level8_checkp7
 3000:D82F       level8_checkp8
 3000:D8D3       level7_cfg
 3000:D8F4       level7_checkp1
 3000:D941       level7_checkp2
 3000:DA07       level7_checkp3
 3000:DB9F       level10_cfg
 3000:DBE2       level11_cfg
 3000:DC03       level11_check1
 3000:DC7C       level11_check2
 3000:DCE3       level11_check3
 3000:DD7D       level11_check4
 3000:DDB6       level11_check5
 3000:DE50       level11_check6
 3000:DE51       level12_cfg
 3000:E036       level13_cfg
 3000:E07A       read_anims_data
 3000:E0A0       animations_ptrs
 3000:E12A       udar_small_punch
 3000:E13F       udar_small_punch2
 3000:E154       udar_uppercut
 3000:E179       move_pick_obj
 3000:E18B       move_pick_enemy
 3000:E19D       move_brosok
 3000:E1C5       move_brosok_shara_vpered
 3000:E1E3       udar_big_punch
 3000:E211       udar_big_punch_fast
 3000:E22A       udar_big_uppercut_fast
 3000:E23C       udar_big_bad_boot_fast
 3000:E254       udar_po_golove_fast
 3000:E266       udar_big_uppercut
 3000:E27D       udar_big_uppercut2
 3000:E299       udar_big_bad_boot
 3000:E2C8       udar_s_razbega
 3000:E311       move_yazik_s_verevki
 3000:E32E       move_yazik
 3000:E34B       udar_po_golove_palka?
 3000:E365       udar_palkoi
 3000:E391       udar_po_golove_razmah
 3000:E3B1       udar_s_verevki
 3000:E3C6       udar_s_verevki_fast
 3000:E3D9       udar_s_verevki_kluvom
 3000:E3F1       udar_nogami_s_verevki
 3000:E419       nogoi_s_propellera
 3000:E42A       udar_botinkami_po_pushke
 3000:E446       udar_vs_big_raven
 3000:E465       udar_s_verevki2
 3000:E48C       ugar_girya
 3000:E4C5       udar_girei_po_pushke
 3000:E4E1       move_jump_hit?
 3000:E4EB       udar_jump_hit2?
 3000:E505       move_jump_mini?
 3000:E50E       udar_i_prijok
 3000:E51A       move_fear
 3000:E524       move_fear_front
 3000:E52E       udar_small_foot
 3000:E53D       udar_golova?
 3000:E54C       move_golova?
 3000:E558       udar_i_podkid?
 3000:E5FD       move_effect_ot_electro
 3000:E64D       move_effect_ot_electro2
 3000:E664       move_effect_ot_electro3
 3000:E6CE       anim_throw_snowball
 3000:E773       udar_po_robotam
 3000:E784       anim_moved_by_wind
 3000:E795       udar_akuli
 3000:E7B1       udar_utki
 3000:E7D7       udar_big_blag
 3000:E834       level1_cfg
 3000:E9EE       level2_cfg
 3000:ED1D       level3_cfg
 3000:F2D5       level4_cfg
 3000:F2F6       level4_checkp1
 3000:F338       level4_checkp2
 3000:F385       level4_checkp3
 3000:F3BC       level4_checkp4
 3000:F3FE       level4_checkp5
 3000:F440       level4_checkp6
 3000:F4DA       level4_checkp7
 3000:F55E       level4_checkp8
 3000:F60E       level4_checkp9
 3000:F60F       level5_cfg
 3000:F630       level5_checkp1
 3000:F7A6       level5_checkp2
 3000:F91C       level5_checkp3
 3000:FAB4       level6_cfg
 3000:FF38       get_object_empty_slot
 3000:FF46       bank3_end
 3000:FF98       NMI3
 3000:FFB3       banks_ids3
 3000:FFCB       jump_from_bank3
 3000:FFEB       wait3
 4000:8006       end_bgk_gfx_unpack
 4000:8007       unpack_tiles_bank4
 4000:80A5       archives_ptrs_bank4
 4000:80C9       intro_logos_set
 4000:80CF       intro_logos_set_
 4000:80D5       zastavki_gfx_set
 4000:80DB       zastavki_gfx_set2
 4000:80E1       level1_intro_set
 4000:80E7       zastavki_gfx_set3
 4000:80F3       zastavki_gfx_set4
 4000:80F9       level1_boss_set
 4000:80FF       level1_bkg_set
 4000:8105       level2_bkg_set
 4000:810B       level3_bkg_set
 4000:8111       level4_bkg_set
 4000:8117       clinger_winger_gfx_set
 4000:811D       surf_city_bkg_set
 4000:8123       intr_excl_bkg_set
 4000:8129       karnathl_bkg_set
 4000:813B       robomanus_gfx_set
 4000:8141       armageddon_spr_set
 4000:8147       zastavki_bkg_gfx3
 4000:81BE       armageddon_spr_gfx
 4000:8470       robomanus_spr_gfx
 4000:8878       intro_logos_gfx
 4000:8BE3       stars_gfx
 4000:8C04       level1_boss_gfx
 4000:8DC7       zastavki_bkg_gfx
 4000:9A95       zastavki_spr_gfx
 4000:9D9F       level1_intro_gfx
 4000:AB08       zastavki_bkg_gfx2
 4000:ACFB       level3_bkg_gfx
 4000:B983       level2_bkg_gfx
 4000:C555       level1_bkg_gfx
 4000:CD8F       intr_excl_bkg_gfx
 4000:D764       karnathl_bkg_gfx
 4000:E0DA       karnathl_bkg_gfx3
 4000:E117       karnathl_bkg_gfx2
 4000:E1CE       level4_bkg_gfx
 4000:EDF2       clinger_winger_bkg_gfx
 4000:F404       surf_city_bkg_gfx
 4000:FF72       bank4_end
 4000:FF98       NMI4
 4000:FFB3       banks_ids4
 4000:FFEB       wait4
 5000:801B       level3_blk_map
 5000:816B       turbotunnel_screens
 5000:826B       volkmire_screens
 5000:8289       suftcity_screens
 5000:82E2       wookie_hole_screens
 5000:82FE       rat_race_screens
 5000:82FF       rat_race_screens_
 5000:8335       sound_for_bank5
 5000:8349       lvl_maps_cam_cfgs
 5000:835D       camera_not_changed
 5000:836F       level_backgnd_scroll
 5000:854C       fixes_for_attrib_Hscrl
 5000:8586       attribs_for_vcroll
 5000:858F       full_atrib
 5000:85A7       need_other4bits
 5000:85C0       need_l4bits
 5000:85E5       need_update_attribs_vscrl
 5000:8652       atrib_count_adr
 5000:8654       atrib_count_adr_
 5000:8676       level_get_big_block_ptr
 5000:86C5       get_vscroll_plus_8
 5000:86D2       count_plus_to_vscroll
 5000:86DC       count_vram_adr_by_Vscroll
 5000:8705       level_maps_ptrs_load
 5000:873A       lvl_blk_tiles_ptrs_l
 5000:8748       lvl_blk_tiles_ptrs_h
 5000:8756       lvl_blk_attrib_ptrs_l
 5000:8764       lvl_blk_attrib_ptrs_h
 5000:8772       lvl_blk_map_ptr_l
 5000:8780       lvl_blk_map_ptr_h
 5000:878E       intro_blk_map
 5000:87CE       intro_blk_tiles
 5000:89AE       intro_blk_attrib
 5000:89CE       level1_blk_map
 5000:8C8E       level1_blk_tiles
 5000:8F4E       level1_blk_attrib
 5000:8F7E       level2_blk_map
 5000:913E       level2_blk_tiles
 5000:929E       level2_blk_attrib
 5000:92BE       level3_blk_tiles
 5000:94BE       level3_blk_attrib
 5000:94DE       revolution_blk_map
 5000:9ADE       revolution_blk_tiles
 5000:A14E       revolution_blk_attrib
 5000:A1CE       level4_blk_map
 5000:AA8A       level4_blk_tiles
 5000:AE9A       level4_blk_attrib
 5000:AEF7       volkm_infer_blk_map
 5000:B047       volkm_infer_blk_tiles
 5000:B217       volkm_infer_blk_attrib
 5000:B25A       clinger_winger_xz
 5000:B2E0       write_tiles_of_block
 5000:B309       objects_3d_lvls_phys
 5000:B3CA       surfcity_obj_Y_limits
 5000:B3DF       Surf_City_gnd_Z
 5000:B419       surfcity_screens
 5000:B422       get_cfg_ptr_3d_levels
 5000:B551       revolution_xz_
 5000:B554       intr_excl_and_ratrace_xz_
 5000:B67D       revolution_xz
 5000:B693       intr_excl_and_ratrace_xz
 5000:B6A0       Create_water_splash_
 5000:B6AB       Create_water_splash
 5000:B6D2       terra_tubes_blocks_code
 5000:BA3A       add_to_obj_X_speed
 5000:BC39       levels_physics
 5000:BC53       levels_physics_all
 5000:BDCC       set_Z_floor_8_obj_flags_8
 5000:BDEA       lvl_3d_map_ptr_l
 5000:BDF6       lvl_3d_map_ptr_h
 5000:BE3D       level1_3d_map
 5000:BFBD       level3_3d_map
 5000:C07D       volkm_infer_3d_map
 5000:C13D       surf_city_3d_map
 5000:C29D       intr_excluder_blk_map
 5000:C75C       intr_excluder_blk_tiles
 5000:CE3C       intr_excluder_blk_attrib
 5000:CECC       karnath_lair_blk_tiles
 5000:D1AC       karnath_lair_blk_attrib
 5000:D1EC       cling_winger_blk_map
 5000:DC6C       cling_winger_blk_tiles
 5000:E1FC       cling_winger_blk_attrib
 5000:E25C       terra_tubes_blk_map
 5000:EEBC       terra_tubes_blk_tiles
 5000:F5DC       terra_tubes_blk_attrib
 5000:F65C       surf_city_blk_map
 5000:F91C       rat_race_blk_map
 5000:FF3E       bank5_end
 5000:FF56       to_bank6
 5000:FF98       NMI5
 5000:FFB3       banks_ids5
 5000:FFCB       jump_from_bank5
 5000:FFEB       wait5
 6000:8070       some_waiting
 6000:812B       surf_city_blk_tiles
 6000:84EB       surf_city_blk_attrib
 6000:85DF       inferno_electro_sprites
 6000:862F       obj_sprites_
 6000:863C       object_sprites
 6000:86B4       std_objects_sprites
 6000:86CC       cont_obj_spr_c
 6000:86D5       object_sprites_cycle
 6000:86E3       odd_or_even_frame
 6000:86EF       objects_second_pal
 6000:870C       object_sprites_shadows?
 6000:870E       object_sprites_cycle_2
 6000:8778       hide_sprites_by_Y
 6000:8784       get_shadow_xy
 6000:8798       rope_sprites
 6000:8806       hoduli_tiles
 6000:8841       electro_sprites
 6000:887D       saturn_toadtrap_sprites
 6000:8918       powerups_sprites
 6000:8990       tall_walker_sprites
 6000:89F7       level4_stick_bug
 6000:89FE       hoduli_spr_sub
 6000:8A78       tongue_sprites
 6000:8AF0       level1_boss_sprites
 6000:8B3F       stick_wall_sprites?
 6000:8B83       hit_sprites
 6000:8C05       no_obj_sprite
 6000:8C0A       objects_set_sprites
 6000:8CC9       read_obj_frame
 6000:8CEA       write_std_obj_spr
 6000:8CEF       obj_sprite_flags
 6000:8D03       write_obj_sprites
 6000:8D23       read_sprites_from_ptr
 6000:8D5D       sprite_writing_part
 6000:8E67       checkit_bug????
 6000:8F0D       screen_off_bank6
 6000:9146       clear_scrolls_reg
 6000:914B       write_scroll_by_V
 6000:91AC       game_end_event_starter
 6000:925B       unpack_tilemap
 6000:93B3       unused_map_unpack_inc_src_ptr
 6000:93CC       tilemap_pack0
 6000:9407       tilemap_pack1
 6000:9477       tilemap_pack13
 6000:94D4       tilemap_pack19
 6000:9515       tilemap_pack20
 6000:95A9       tilemap_pack21
 6000:95D1       tilemap_pack22
 6000:9611       tilemap_pack23
 6000:9639       tilemap_pack12
 6000:9664       tilemap_pack24
 6000:96C2       tilemap_pack25
 6000:973A       tilemap_pack26
 6000:97C0       game_over_event
 6000:995C       Cont_screen_sprites?
 6000:9A15       some_screen_sprites
 6000:9AEE       tilemap_pack10
 6000:9B2D       tilemap_pack11
 6000:9B31       tilemap_pack2
 6000:9B5C       tilemap_pack4
 6000:9B60       tilemap_pack6
 6000:9B80       tilemap_pack5
 6000:9BA9       tilemap_pack7
 6000:9BC3       tilemap_pack3
 6000:9BE9       tilemap_pack8
 6000:9BFE       tilemap_pack9
 6000:9E53       starship_sprites?
 6000:A16D       first_load
 6000:A228       load_palettes_2_22_or_4_6
 6000:A243       wait_vblank_bank6
 6000:A249       load_palettes
 6000:A258       pal_to_ppu_
 6000:A267       load_palette
 6000:A281       palettes_ptrs
 6000:A3DD       palette_chars
 6000:A87D       set_previous_bank_as_0
 6000:A883       jump_to_bank0_func1
 6000:AA3D       some_sprites_ptr
 6000:AA58       unk1_ptr_L
 6000:AA64       unk1_ptr_H
 6000:ACB8       continue_game_end
 6000:AE89       stick_spr_posX
 6000:AE8A       stick_spr_posY
 6000:C532       rash_sprcfg_ptr_l
 6000:C5B9       obj_sprcfg_ptr_l
 6000:C6B5       rash_sprcfg_ptr_h
 6000:C73C       obj_sprcfg_ptr_h
 6000:C838       sprite_lists
 6000:D5BB       level_base_load
 6000:D5E0       level_infobar_colors
 6000:D5EE       set_attributes_vram
 6000:D5FB       load_attributes
 6000:D617       attrib_dat
 6000:D618       attrib_cnt
 6000:D6D9       load_attributes2
 6000:D6F5       attrib2_dat
 6000:D6F6       attrib2_cnt
 6000:D765       write_some_text_to_vram
 6000:D79A       text_d79a
 6000:D7A0       text_d7a0
 6000:D7BA       text_d7ba
 6000:D7DE       text_d7de
 6000:D806       text_d806
 6000:D81D       text_d81d
 6000:D81F       aStarrin
 6000:D827       text_d827
 6000:D883       text_d883
 6000:D88B       text_d88b
 6000:D8D4       text_d8d4
 6000:D8E4       text_d8e4
 6000:D933       text_d933
 6000:D98D       text_d9d8
 6000:D9D5       text_d9d5
 6000:DA6B       text_inf
 6000:DA6D       text_da6d
 6000:DAD1       random6
 6000:DAEE       checkit2
 6000:DAFC       level_values_load
 6000:DBA4       level_base_X_H
 6000:DBA5       level_base_X_L
 6000:DBA6       level_base_Y_H
 6000:DBA7       level_base_Y_L
 6000:DBA8       level_X_blk_cnt
 6000:DBA9       level_bg_pal_id
 6000:DBAA       level_obj_pal_id
 6000:DBAB       level_bg_gfx_id
 6000:DBAC       level_obj_gfx_id
 6000:E196       some_tmap_ptr_l
 6000:E199       some_tmap2_ptr_l
 6000:E19C       some_tmap_ptr_h
 6000:E19F       some_tmap2_ptr_h
 6000:E1A2       tilemap_pack14
 6000:E270       tilemap_pack15
 6000:E2DD       tilemap_pack17
 6000:E388       tilemap_pack18
 6000:E4A0       tilemap_pack16
 6000:E60F       text_decompress
 6000:E6BD       packed_txt_ptr_l
 6000:E6BE       packed_txt_ptr_h
 6000:E6F2       packed_text
 6000:FE88       clear_tilemaps
 6000:FEB2       fill_sprite_buffer_
 6000:FEB4       hide_sprites_from_n
 6000:FEBD       clear_sprites
 6000:FEC0       dma_for_sprites
 6000:FEC9       IRQ6
 6000:FF56       to_bank5
 6000:FF5D       get_byte_from_bank5
 6000:FF84       goto_bank3_upd_play_music
 6000:FF98       NMI6
 6000:FFB3       banks_ids6
 6000:FFCB       jump_from_bank6
 6000:FFEB       wait6
 6000:FFF2       RESET6
 7000:801B       tbl_for_vscroll
 7000:808A       table_multiple_7
 7000:86EC       karnath_block_to_restore
 7000:8741       load_karnathl_slvl
 7000:87DC       write_karn_lvl_block
 7000:87F7       karnath_leftbord
 7000:87FF       karnath_righbord
 7000:8807       karnath_arch_off
 7000:8817       karnath_l_ptrl
 7000:881B       karnath_l_ptrh
 7000:8837       karnath_l1_cfg
 7000:88AF       karnath_l2_cfg
 7000:8943       karnath_l3_cfg
 7000:89E0       karnath_l4_cfg
 7000:8AA3       unpack_tiles_bank7
 7000:8B6F       archives_ptrs_bank7
 7000:8BBA       title_screen_set
 7000:8BC1       title_screen_set_
 7000:8BDA       planA_gfx_set
 7000:8BE1       planB_gfx_set
 7000:8BE8       planC_gfx_set
 7000:8BF3       planD_gfx_set
 7000:8C2B       some_lvls_inits
 7000:8C59       clear_objtmp_ids
 7000:8C8F       lvls_spr0_cfgs
 7000:8CA3       gfx_copy_code
 7000:8D21       level2_anim_tiles
 7000:8E11       level2_anim_code
 7000:8E21       level2_anim_code_loop
 7000:8F1C       gen_slaughter_gfx
 7000:9060       rev_obj_gfx
 7000:9421       clign_wing_obj_gfx
 7000:9796       title_screen_tiles
 7000:A26B       starship_panel_gfx
 7000:B070       plan_A_gfx
 7000:BBB2       plan_B_gfx
 7000:C677       plan_C_gfx
 7000:CD93       plan_D_gfx
 7000:D8AD       bt_small_logo_gfx
 7000:DB1E       starship_gfx
 7000:E892       starship_gfx2
 7000:F1E8       galaxy_end_gfx
 7000:F32F       angelika_pimple_in_space
 7000:FB2F       angelika_pimple_spacecar
 7000:FF3F       IRQ
 7000:FF40       bank7_end
 7000:FF98       NMI
 7000:FFB3       banks_ids7
 7000:FFEB       wait7
 7000:FFF2       RESET
